{"kind":"apr-agent-loop-proof","phase":"bootstrap","status":"passed","model_calls":2,"tool_calls":5,"thinking_required":true,"generation":0,"transition":"automatic_absent","session_identity_sha256":"0273a2040f1e53cc8b7a2d094f1b6e6864ceaf8da8eddb707bcf2f69a506651e","predecessor_envelope":"none","stable_plan_sha256":"e0f2cfdcedf6ba32a8a1ca2d6dd55680d86bf1309888e45c7a7e33feb72dbc59","limits_sha256":"8c184a185067b867de078109295d0fa4f442d90fd5bbbec01c7ff4afaeaf30e5","toolset_sha256":"39b7291fbde316c6b0081c153fa960303d1d0e0ddeb9fc565bc0cbf821b5b502","request_sha256":["5da978714abb07360dd76091ae58ca0e0c12dbf03a63332a3ede8ebd27574341","9eb1132cb53db8f61e857c45bcae5dbe5a8cfcf80bea73cf9297c4b27780b0e4"],"evidence":["authorization_before_capabilities","automatic_bootstrap_no_store","real_snapshot_read_file_and_r3_tools_grounded_finish","completed_session_only","encrypted_state_accepted","provider_canary_authorization_only","nine_canary_channel_scan"]}
