{"kind":"apr-agent-loop-proof","phase":"continue","status":"passed","model_calls":1,"tool_calls":1,"thinking_required":true,"generation":1,"transition":"verified_ahead","session_identity_sha256":"1249e9185ea60c29e46f62dc5effdce5c1212646f6606aff1821c5f76fa5a586","predecessor_envelope":"present","stable_plan_sha256":"22e3962f65012f1683a6b9c8edaa9131adbfd8aeec64fbe0c5a7aed6413bc91e","limits_sha256":"dbe36dba580fd8a3a5256b8c6710e462a58b477d84844cc33b2daf63c54614e6","toolset_sha256":"50acece85187a24d6f9b8df4501dabe89c51db1b82c14c50747ef2f1d632561f","request_sha256":["bac0131971726016ac68d51a78865249ac27cedd6b323edf31f84b1d29bb9c7e"],"evidence":["authorization_before_restore","independent_host_lineage","producer_provenance_preserved","dynamic_head_verified_ahead","exact_continuation_reconstructed","prior_only_fact_used","next_generation_accepted","nine_canary_channel_scan"]}
