{
  "schema": "apr.action-host.framework-evidence.v2",
  "source_inventory_digest": "3c4926923a2cc2c7104b0e3c0ca2c7f69d39d608f08c1792744501e2ac68d46d",
  "replacement_record_digest": "05d8642bba31a2a69b5d322bf163de17f0837c0e6b185b81607abfb892d902e0",
  "base_inventory_digest": "804927c350fbf57ce08c477196c99c42b5c72781be4a81a532f0c45fdfc01dfe",
  "scenarios": [
    {
      "name": "dispatch-bootstrap",
      "status": "reviewed",
      "ExitCode": 0,
      "ProviderRequests": 6,
      "ToolSequence": 6,
      "GitHubRequests": 32,
      "StateOperations": 1056,
      "StickyMutations": 1,
      "InlineMutations": 0,
      "CanarySafe": true,
      "ContinuationObserved": true
    },
    {
      "name": "dispatch-continuation",
      "status": "state_conflict",
      "ExitCode": 1,
      "ProviderRequests": 3,
      "ToolSequence": 3,
      "GitHubRequests": 35,
      "StateOperations": 1371,
      "StickyMutations": 1,
      "InlineMutations": 0,
      "CanarySafe": true,
      "ContinuationObserved": true
    },
    {
      "name": "artifact-pagination-changed",
      "status": "state_conflict",
      "ExitCode": 1,
      "ProviderRequests": 0,
      "ToolSequence": 0,
      "GitHubRequests": 21,
      "StateOperations": 1,
      "StickyMutations": 0,
      "InlineMutations": 0,
      "CanarySafe": true,
      "ContinuationObserved": true
    },
    {
      "name": "artifact-pagination-late",
      "status": "state_conflict",
      "ExitCode": 1,
      "ProviderRequests": 0,
      "ToolSequence": 0,
      "GitHubRequests": 21,
      "StateOperations": 1,
      "StickyMutations": 0,
      "InlineMutations": 0,
      "CanarySafe": true,
      "ContinuationObserved": true
    },
    {
      "name": "artifact-list-duplicate",
      "status": "state_conflict",
      "ExitCode": 1,
      "ProviderRequests": 0,
      "ToolSequence": 0,
      "GitHubRequests": 21,
      "StateOperations": 1,
      "StickyMutations": 0,
      "InlineMutations": 0,
      "CanarySafe": true,
      "ContinuationObserved": true
    },
    {
      "name": "artifact-digest-mismatch",
      "status": "outcome_ambiguous",
      "ExitCode": 1,
      "ProviderRequests": 0,
      "ToolSequence": 0,
      "GitHubRequests": 21,
      "StateOperations": 2,
      "StickyMutations": 0,
      "InlineMutations": 0,
      "CanarySafe": true,
      "ContinuationObserved": true
    },
    {
      "name": "artifact-expired",
      "status": "outcome_ambiguous",
      "ExitCode": 1,
      "ProviderRequests": 0,
      "ToolSequence": 0,
      "GitHubRequests": 21,
      "StateOperations": 3,
      "StickyMutations": 0,
      "InlineMutations": 0,
      "CanarySafe": true,
      "ContinuationObserved": true
    },
    {
      "name": "artifact-upload-outcome-unknown",
      "status": "outcome_ambiguous",
      "ExitCode": 1,
      "ProviderRequests": 0,
      "ToolSequence": 0,
      "GitHubRequests": 21,
      "StateOperations": 2,
      "StickyMutations": 0,
      "InlineMutations": 0,
      "CanarySafe": true,
      "ContinuationObserved": true
    },
    {
      "name": "artifact-delete-outcome-unknown",
      "status": "reviewed",
      "ExitCode": 0,
      "ProviderRequests": 6,
      "ToolSequence": 6,
      "GitHubRequests": 32,
      "StateOperations": 1056,
      "StickyMutations": 1,
      "InlineMutations": 0,
      "CanarySafe": true,
      "ContinuationObserved": true
    },
    {
      "name": "workflow-run",
      "status": "reviewed",
      "ExitCode": 0,
      "ProviderRequests": 6,
      "ToolSequence": 6,
      "GitHubRequests": 33,
      "StateOperations": 1056,
      "StickyMutations": 1,
      "InlineMutations": 0,
      "CanarySafe": true,
      "ContinuationObserved": true
    },
    {
      "name": "delete-exact",
      "status": "reviewed",
      "ExitCode": 0,
      "ProviderRequests": 6,
      "ToolSequence": 6,
      "GitHubRequests": 32,
      "StateOperations": 1056,
      "StickyMutations": 1,
      "InlineMutations": 0,
      "CanarySafe": true,
      "ContinuationObserved": true
    },
    {
      "name": "inline",
      "status": "reviewed",
      "ExitCode": 0,
      "ProviderRequests": 6,
      "ToolSequence": 6,
      "GitHubRequests": 36,
      "StateOperations": 1056,
      "StickyMutations": 1,
      "InlineMutations": 1,
      "CanarySafe": true,
      "ContinuationObserved": true
    },
    {
      "name": "inline-warning",
      "status": "reviewed_with_inline_warnings",
      "ExitCode": 0,
      "ProviderRequests": 6,
      "ToolSequence": 6,
      "GitHubRequests": 36,
      "StateOperations": 1056,
      "StickyMutations": 1,
      "InlineMutations": 1,
      "CanarySafe": true,
      "ContinuationObserved": true
    },
    {
      "name": "unsupported",
      "status": "skipped_untrusted_event",
      "ExitCode": 0,
      "ProviderRequests": 0,
      "ToolSequence": 0,
      "GitHubRequests": 0,
      "StateOperations": 0,
      "StickyMutations": 0,
      "InlineMutations": 0,
      "CanarySafe": true,
      "ContinuationObserved": true
    },
    {
      "name": "fork",
      "status": "skipped_fork",
      "ExitCode": 0,
      "ProviderRequests": 0,
      "ToolSequence": 0,
      "GitHubRequests": 5,
      "StateOperations": 0,
      "StickyMutations": 0,
      "InlineMutations": 0,
      "CanarySafe": true,
      "ContinuationObserved": true
    },
    {
      "name": "permission",
      "status": "authorization_failed",
      "ExitCode": 1,
      "ProviderRequests": 0,
      "ToolSequence": 0,
      "GitHubRequests": 4,
      "StateOperations": 0,
      "StickyMutations": 0,
      "InlineMutations": 0,
      "CanarySafe": true,
      "ContinuationObserved": true
    },
    {
      "name": "wrong-action",
      "status": "authorization_failed",
      "ExitCode": 1,
      "ProviderRequests": 0,
      "ToolSequence": 0,
      "GitHubRequests": 3,
      "StateOperations": 0,
      "StickyMutations": 0,
      "InlineMutations": 0,
      "CanarySafe": true,
      "ContinuationObserved": true
    },
    {
      "name": "concurrency",
      "status": "authorization_failed",
      "ExitCode": 1,
      "ProviderRequests": 0,
      "ToolSequence": 0,
      "GitHubRequests": 3,
      "StateOperations": 0,
      "StickyMutations": 0,
      "InlineMutations": 0,
      "CanarySafe": true,
      "ContinuationObserved": true
    },
    {
      "name": "stale-head",
      "status": "stale_head",
      "ExitCode": 1,
      "ProviderRequests": 6,
      "ToolSequence": 6,
      "GitHubRequests": 22,
      "StateOperations": 46,
      "StickyMutations": 0,
      "InlineMutations": 0,
      "CanarySafe": true,
      "ContinuationObserved": true
    },
    {
      "name": "provider-malformed",
      "status": "agent_result_invalid",
      "ExitCode": 1,
      "ProviderRequests": 1,
      "ToolSequence": 0,
      "GitHubRequests": 21,
      "StateOperations": 50,
      "StickyMutations": 0,
      "InlineMutations": 0,
      "CanarySafe": true,
      "ContinuationObserved": true
    },
    {
      "name": "public-result",
      "status": "agent_result_invalid",
      "ExitCode": 1,
      "ProviderRequests": 6,
      "ToolSequence": 6,
      "GitHubRequests": 21,
      "StateOperations": 50,
      "StickyMutations": 0,
      "InlineMutations": 0,
      "CanarySafe": true,
      "ContinuationObserved": true
    },
    {
      "name": "credentials-missing",
      "status": "credentials_missing",
      "ExitCode": 1,
      "ProviderRequests": 0,
      "ToolSequence": 0,
      "GitHubRequests": 21,
      "StateOperations": 50,
      "StickyMutations": 0,
      "InlineMutations": 0,
      "CanarySafe": true,
      "ContinuationObserved": true
    },
    {
      "name": "crash-mutation",
      "status": "wrapper_failure",
      "ExitCode": 137,
      "ProviderRequests": 6,
      "ToolSequence": 6,
      "GitHubRequests": 26,
      "StateOperations": 325,
      "StickyMutations": 1,
      "InlineMutations": 0,
      "CanarySafe": true,
      "ContinuationObserved": true
    },
    {
      "name": "crash-recovery",
      "status": "reviewed",
      "ExitCode": 0,
      "ProviderRequests": 0,
      "ToolSequence": 0,
      "GitHubRequests": 28,
      "StateOperations": 764,
      "StickyMutations": 0,
      "InlineMutations": 0,
      "CanarySafe": true,
      "ContinuationObserved": true
    },
    {
      "name": "cancel-before-side-effect",
      "status": "cancelled",
      "ExitCode": 1,
      "ProviderRequests": 0,
      "ToolSequence": 0,
      "GitHubRequests": 0,
      "StateOperations": 0,
      "StickyMutations": 0,
      "InlineMutations": 0,
      "CanarySafe": true,
      "ContinuationObserved": true
    },
    {
      "name": "cancel-before-dispatch",
      "status": "state_conflict",
      "ExitCode": 1,
      "ProviderRequests": 6,
      "ToolSequence": 6,
      "GitHubRequests": 23,
      "StateOperations": 92,
      "StickyMutations": 0,
      "InlineMutations": 0,
      "CanarySafe": true,
      "ContinuationObserved": true
    },
    {
      "name": "cancel-known-commit",
      "status": "state_conflict",
      "ExitCode": 1,
      "ProviderRequests": 6,
      "ToolSequence": 6,
      "GitHubRequests": 31,
      "StateOperations": 552,
      "StickyMutations": 1,
      "InlineMutations": 0,
      "CanarySafe": true,
      "ContinuationObserved": true
    },
    {
      "name": "cancel-outcome-unknown",
      "status": "reviewed",
      "ExitCode": 0,
      "ProviderRequests": 6,
      "ToolSequence": 6,
      "GitHubRequests": 32,
      "StateOperations": 930,
      "StickyMutations": 1,
      "InlineMutations": 0,
      "CanarySafe": true,
      "ContinuationObserved": true
    },
    {
      "name": "cancel-escalation",
      "status": "wrapper_failure",
      "ExitCode": 1,
      "ProviderRequests": 0,
      "ToolSequence": 0,
      "GitHubRequests": 0,
      "StateOperations": 0,
      "StickyMutations": 0,
      "InlineMutations": 0,
      "CanarySafe": true,
      "ContinuationObserved": true
    },
    {
      "name": "host-crash",
      "status": "wrapper_failure",
      "ExitCode": 1,
      "ProviderRequests": 0,
      "ToolSequence": 0,
      "GitHubRequests": 0,
      "StateOperations": 0,
      "StickyMutations": 0,
      "InlineMutations": 0,
      "CanarySafe": true,
      "ContinuationObserved": true
    }
  ],
  "process": {
    "distinct_host_processes": true,
    "all_process_groups_quiet": true
  },
  "official_bridge": {
    "twirp": 292,
    "blob": 288,
    "rest": 21216,
    "finalize": 148,
    "signed_download": 5259,
    "delete": 65
  },
  "exact_child_environment": true,
  "output_file_unchanged": true,
  "canary_oracle_passed": true,
  "canary_observation_digest": "d1a630689233e03fdeaa78d11b6cbdb1cd9bee639a3b716885b38ec1f0e53c1c"
}
