{
  "schema": "apr.action-host.framework-evidence.v3",
  "source_inventory_digest": "248ce337d15dbfd1c3158481f53e20d106a713e254324721e937be033dfdfa07",
  "replacement_record_digest": "3eaa3a127ce1da98eb993334ec2b391ff6cecd0b1a77dcf64f4eb0306f5e3bdd",
  "base_inventory_digest": "7eacf6e0aacac15a99330e1c54050d4d259688f60ab729c9b0d6383b1f584b6d",
  "canary_table_digest": "e66aaf2ab5881094a6c7425b579c65d4fd4989b3486b0e5464105355837acd4b",
  "scenarios": [
    {
      "name": "dispatch-bootstrap",
      "status": "reviewed",
      "ExitCode": 0,
      "ProviderRequests": 6,
      "ToolSequence": 6,
      "GitHubRequests": 209,
      "StateOperations": 1056,
      "StickyMutations": 1,
      "InlineMutations": 0,
      "CanarySafe": true,
      "ContinuationObserved": true
    },
    {
      "name": "dispatch-continuation",
      "status": "reviewed",
      "ExitCode": 0,
      "ProviderRequests": 3,
      "ToolSequence": 3,
      "GitHubRequests": 213,
      "StateOperations": 2042,
      "StickyMutations": 1,
      "InlineMutations": 0,
      "CanarySafe": true,
      "ContinuationObserved": true
    },
    {
      "name": "dispatch-cross-head-conflict",
      "status": "state_conflict",
      "ExitCode": 1,
      "ProviderRequests": 0,
      "ToolSequence": 0,
      "GitHubRequests": 200,
      "StateOperations": 30,
      "StickyMutations": 0,
      "InlineMutations": 0,
      "CanarySafe": true,
      "ContinuationObserved": true
    },
    {
      "name": "artifact-pagination-changed",
      "status": "state_conflict",
      "ExitCode": 1,
      "ProviderRequests": 0,
      "ToolSequence": 0,
      "GitHubRequests": 198,
      "StateOperations": 1,
      "StickyMutations": 0,
      "InlineMutations": 0,
      "CanarySafe": true,
      "ContinuationObserved": true
    },
    {
      "name": "artifact-pagination-late",
      "status": "state_conflict",
      "ExitCode": 1,
      "ProviderRequests": 0,
      "ToolSequence": 0,
      "GitHubRequests": 198,
      "StateOperations": 1,
      "StickyMutations": 0,
      "InlineMutations": 0,
      "CanarySafe": true,
      "ContinuationObserved": true
    },
    {
      "name": "artifact-list-duplicate",
      "status": "state_conflict",
      "ExitCode": 1,
      "ProviderRequests": 0,
      "ToolSequence": 0,
      "GitHubRequests": 198,
      "StateOperations": 1,
      "StickyMutations": 0,
      "InlineMutations": 0,
      "CanarySafe": true,
      "ContinuationObserved": true
    },
    {
      "name": "artifact-digest-mismatch",
      "status": "outcome_ambiguous",
      "ExitCode": 1,
      "ProviderRequests": 0,
      "ToolSequence": 0,
      "GitHubRequests": 198,
      "StateOperations": 2,
      "StickyMutations": 0,
      "InlineMutations": 0,
      "CanarySafe": true,
      "ContinuationObserved": true
    },
    {
      "name": "artifact-expired",
      "status": "outcome_ambiguous",
      "ExitCode": 1,
      "ProviderRequests": 0,
      "ToolSequence": 0,
      "GitHubRequests": 198,
      "StateOperations": 2,
      "StickyMutations": 0,
      "InlineMutations": 0,
      "CanarySafe": true,
      "ContinuationObserved": true
    },
    {
      "name": "artifact-delayed-visibility",
      "status": "reviewed",
      "ExitCode": 0,
      "ProviderRequests": 6,
      "ToolSequence": 6,
      "GitHubRequests": 209,
      "StateOperations": 1074,
      "StickyMutations": 1,
      "InlineMutations": 0,
      "CanarySafe": true,
      "ContinuationObserved": true
    },
    {
      "name": "artifact-upload-outcome-unknown",
      "status": "outcome_ambiguous",
      "ExitCode": 1,
      "ProviderRequests": 0,
      "ToolSequence": 0,
      "GitHubRequests": 198,
      "StateOperations": 2,
      "StickyMutations": 0,
      "InlineMutations": 0,
      "CanarySafe": true,
      "ContinuationObserved": true
    },
    {
      "name": "artifact-delete-outcome-unknown",
      "status": "reviewed",
      "ExitCode": 0,
      "ProviderRequests": 6,
      "ToolSequence": 6,
      "GitHubRequests": 209,
      "StateOperations": 1056,
      "StickyMutations": 1,
      "InlineMutations": 0,
      "CanarySafe": true,
      "ContinuationObserved": true
    },
    {
      "name": "workflow-run",
      "status": "reviewed",
      "ExitCode": 0,
      "ProviderRequests": 6,
      "ToolSequence": 6,
      "GitHubRequests": 210,
      "StateOperations": 1056,
      "StickyMutations": 1,
      "InlineMutations": 0,
      "CanarySafe": true,
      "ContinuationObserved": true
    },
    {
      "name": "delete-exact",
      "status": "reviewed",
      "ExitCode": 0,
      "ProviderRequests": 6,
      "ToolSequence": 6,
      "GitHubRequests": 209,
      "StateOperations": 1056,
      "StickyMutations": 1,
      "InlineMutations": 0,
      "CanarySafe": true,
      "ContinuationObserved": true
    },
    {
      "name": "inline",
      "status": "reviewed",
      "ExitCode": 0,
      "ProviderRequests": 6,
      "ToolSequence": 6,
      "GitHubRequests": 213,
      "StateOperations": 1056,
      "StickyMutations": 1,
      "InlineMutations": 1,
      "CanarySafe": true,
      "ContinuationObserved": true
    },
    {
      "name": "inline-warning",
      "status": "reviewed_with_inline_warnings",
      "ExitCode": 0,
      "ProviderRequests": 6,
      "ToolSequence": 6,
      "GitHubRequests": 213,
      "StateOperations": 1056,
      "StickyMutations": 1,
      "InlineMutations": 1,
      "CanarySafe": true,
      "ContinuationObserved": true
    },
    {
      "name": "unsupported",
      "status": "skipped_untrusted_event",
      "ExitCode": 0,
      "ProviderRequests": 0,
      "ToolSequence": 0,
      "GitHubRequests": 0,
      "StateOperations": 0,
      "StickyMutations": 0,
      "InlineMutations": 0,
      "CanarySafe": true,
      "ContinuationObserved": true
    },
    {
      "name": "fork",
      "status": "skipped_fork",
      "ExitCode": 0,
      "ProviderRequests": 0,
      "ToolSequence": 0,
      "GitHubRequests": 5,
      "StateOperations": 0,
      "StickyMutations": 0,
      "InlineMutations": 0,
      "CanarySafe": true,
      "ContinuationObserved": true
    },
    {
      "name": "permission",
      "status": "authorization_failed",
      "ExitCode": 1,
      "ProviderRequests": 0,
      "ToolSequence": 0,
      "GitHubRequests": 4,
      "StateOperations": 0,
      "StickyMutations": 0,
      "InlineMutations": 0,
      "CanarySafe": true,
      "ContinuationObserved": true
    },
    {
      "name": "wrong-action",
      "status": "authorization_failed",
      "ExitCode": 1,
      "ProviderRequests": 0,
      "ToolSequence": 0,
      "GitHubRequests": 3,
      "StateOperations": 0,
      "StickyMutations": 0,
      "InlineMutations": 0,
      "CanarySafe": true,
      "ContinuationObserved": true
    },
    {
      "name": "concurrency",
      "status": "authorization_failed",
      "ExitCode": 1,
      "ProviderRequests": 0,
      "ToolSequence": 0,
      "GitHubRequests": 3,
      "StateOperations": 0,
      "StickyMutations": 0,
      "InlineMutations": 0,
      "CanarySafe": true,
      "ContinuationObserved": true
    },
    {
      "name": "stale-head",
      "status": "stale_head",
      "ExitCode": 1,
      "ProviderRequests": 6,
      "ToolSequence": 6,
      "GitHubRequests": 199,
      "StateOperations": 46,
      "StickyMutations": 0,
      "InlineMutations": 0,
      "CanarySafe": true,
      "ContinuationObserved": true
    },
    {
      "name": "provider-malformed",
      "status": "agent_result_invalid",
      "ExitCode": 1,
      "ProviderRequests": 1,
      "ToolSequence": 0,
      "GitHubRequests": 198,
      "StateOperations": 50,
      "StickyMutations": 0,
      "InlineMutations": 0,
      "CanarySafe": true,
      "ContinuationObserved": true
    },
    {
      "name": "public-result",
      "status": "agent_result_invalid",
      "ExitCode": 1,
      "ProviderRequests": 6,
      "ToolSequence": 6,
      "GitHubRequests": 198,
      "StateOperations": 50,
      "StickyMutations": 0,
      "InlineMutations": 0,
      "CanarySafe": true,
      "ContinuationObserved": true
    },
    {
      "name": "credentials-missing",
      "status": "credentials_missing",
      "ExitCode": 1,
      "ProviderRequests": 0,
      "ToolSequence": 0,
      "GitHubRequests": 198,
      "StateOperations": 50,
      "StickyMutations": 0,
      "InlineMutations": 0,
      "CanarySafe": true,
      "ContinuationObserved": true
    },
    {
      "name": "crash-mutation",
      "status": "wrapper_failure",
      "ExitCode": 137,
      "ProviderRequests": 6,
      "ToolSequence": 6,
      "GitHubRequests": 203,
      "StateOperations": 325,
      "StickyMutations": 1,
      "InlineMutations": 0,
      "CanarySafe": true,
      "ContinuationObserved": true
    },
    {
      "name": "crash-recovery",
      "status": "reviewed",
      "ExitCode": 0,
      "ProviderRequests": 0,
      "ToolSequence": 0,
      "GitHubRequests": 205,
      "StateOperations": 764,
      "StickyMutations": 0,
      "InlineMutations": 0,
      "CanarySafe": true,
      "ContinuationObserved": true
    },
    {
      "name": "cancel-before-side-effect",
      "status": "cancelled",
      "ExitCode": 1,
      "ProviderRequests": 0,
      "ToolSequence": 0,
      "GitHubRequests": 0,
      "StateOperations": 0,
      "StickyMutations": 0,
      "InlineMutations": 0,
      "CanarySafe": true,
      "ContinuationObserved": true
    },
    {
      "name": "cancel-before-dispatch",
      "status": "state_conflict",
      "ExitCode": 1,
      "ProviderRequests": 6,
      "ToolSequence": 6,
      "GitHubRequests": 200,
      "StateOperations": 92,
      "StickyMutations": 0,
      "InlineMutations": 0,
      "CanarySafe": true,
      "ContinuationObserved": true
    },
    {
      "name": "cancel-known-commit",
      "status": "state_conflict",
      "ExitCode": 1,
      "ProviderRequests": 6,
      "ToolSequence": 6,
      "GitHubRequests": 208,
      "StateOperations": 552,
      "StickyMutations": 1,
      "InlineMutations": 0,
      "CanarySafe": true,
      "ContinuationObserved": true
    },
    {
      "name": "cancel-outcome-unknown",
      "status": "reviewed",
      "ExitCode": 0,
      "ProviderRequests": 6,
      "ToolSequence": 6,
      "GitHubRequests": 209,
      "StateOperations": 930,
      "StickyMutations": 1,
      "InlineMutations": 0,
      "CanarySafe": true,
      "ContinuationObserved": true
    },
    {
      "name": "cancel-escalation",
      "status": "wrapper_failure",
      "ExitCode": 1,
      "ProviderRequests": 0,
      "ToolSequence": 0,
      "GitHubRequests": 0,
      "StateOperations": 0,
      "StickyMutations": 0,
      "InlineMutations": 0,
      "CanarySafe": true,
      "ContinuationObserved": true
    },
    {
      "name": "host-crash",
      "status": "wrapper_failure",
      "ExitCode": 1,
      "ProviderRequests": 0,
      "ToolSequence": 0,
      "GitHubRequests": 0,
      "StateOperations": 0,
      "StickyMutations": 0,
      "InlineMutations": 0,
      "CanarySafe": true,
      "ContinuationObserved": true
    }
  ],
  "continuation": {
    "second_process_status": "reviewed",
    "successor_accepted": true,
    "reviewed_head_advanced": true,
    "state_identity_digest": "0efba58c4a246c959aad6941c95f624d06aa6ec38cb951e7d5ac84639536ce50",
    "sticky_lineage_digest": "7a56ff8b50792ba129927078ff20d09397dba4e73b123165772df1ccc1224051",
    "prior_marker_first_request_exact": true,
    "prior_marker_carried_without_reinjection": true,
    "exact_tool_exchange_relations": true
  },
  "process": {
    "distinct_host_processes": true,
    "all_process_groups_quiet": true
  },
  "official_bridge": {
    "twirp": 332,
    "blob": 328,
    "rest": 12864,
    "rest_not_modified": 11901,
    "rest_primary": 963,
    "rest_secondary_points": 13160,
    "finalize": 168,
    "signed_download": 187,
    "delete": 74
  },
  "exact_child_environment": true,
  "output_file_unchanged": true,
  "canary_oracle_passed": true,
  "canary_route_coverage_digest": "0ed17cb12269bedc80a2b993db7897fd8a1308afb362c8b6fa44d0eb91acfa1a",
  "canary_negative_injection_count": 59,
  "artifact_metadata_route_probe_count": 3,
  "normalized_exact_delete_identity_digest": "e5bf02dd0e915d9ff3f3414ec789898fabc9ce92e968cddd0e0f3fa11b96b9c2"
}
