{"kind":"apr-agent-loop-proof","phase":"continue","status":"passed","model_calls":1,"tool_calls":1,"thinking_required":true,"generation":1,"transition":"verified_ahead","session_identity_sha256":"ec4a094425c12b77b6982d982f61466fb90d0ff3f938aa367f3db2ee540b27c8","predecessor_envelope":"present","stable_plan_sha256":"ae98dc5cfe6560a7ebe5ba3a42e18c24179e7daf96b4eaaa5aea93a126a807d4","limits_sha256":"587f64e18c085116482ac10369858f2f563de207b8dce215725194f52fff68b6","toolset_sha256":"94e86f40944646df5140c68b2a51bc0f8bb25b5a1082d377e8c99f718da680f5","request_sha256":["c60404edaee9a61ee9797e843c5f94891f1e56e4c7b8bc88c7835ebead9d43d6"],"evidence":["authorization_before_restore","independent_host_lineage","producer_provenance_preserved","dynamic_head_verified_ahead","exact_continuation_reconstructed","prior_only_fact_used","next_generation_accepted","nine_canary_channel_scan"]}
