{"kind":"apr-agent-loop-proof","phase":"continue","status":"passed","model_calls":1,"tool_calls":1,"thinking_required":true,"generation":1,"transition":"verified_ahead","session_identity_sha256":"b344bfe14d2fc3471866f5f0e4464205a8c3e57bb79f1801666f9b2d53cde4f1","predecessor_envelope":"present","stable_plan_sha256":"eb97cfa5914ded152c06cfa1a2cbb80493ad1fa2776c5345e6cb8d2389b689d4","limits_sha256":"e9cafa28d7fbb556afbde2f1a4db21add27372a3f4d341b1e7069c2be14f3593","toolset_sha256":"f5b9cabf064bb71f3729512d69beaa844801f9759b285132b3b2c203caeb89a0","request_sha256":["33b06fb3bd1b6ebc36552b67a8682f8a7844d9f2e6130688ce99e83b28fdf466"],"evidence":["authorization_before_restore","independent_host_lineage","producer_provenance_preserved","dynamic_head_verified_ahead","exact_continuation_reconstructed","prior_only_fact_used","next_generation_accepted","nine_canary_channel_scan"]}
